// Jest Snapshot v1, https://goo.gl/fbAQLP

exports[`ElixirPool gas tests fee is off #burn above current price burn entire position after some time passes 1`] = `106938`;

exports[`ElixirPool gas tests fee is off #burn above current price burn when only position using ticks 1`] = `106938`;

exports[`ElixirPool gas tests fee is off #burn above current price entire position burn but other positions are using the ticks 1`] = `104698`;

exports[`ElixirPool gas tests fee is off #burn above current price partial position burn 1`] = `109498`;

exports[`ElixirPool gas tests fee is off #burn around current price burn entire position after some time passes 1`] = `126618`;

exports[`ElixirPool gas tests fee is off #burn around current price burn when only position using ticks 1`] = `119092`;

exports[`ElixirPool gas tests fee is off #burn around current price entire position burn but other positions are using the ticks 1`] = `109491`;

exports[`ElixirPool gas tests fee is off #burn around current price partial position burn 1`] = `114291`;

exports[`ElixirPool gas tests fee is off #burn below current price burn entire position after some time passes 1`] = `116411`;

exports[`ElixirPool gas tests fee is off #burn below current price burn when only position using ticks 1`] = `116411`;

exports[`ElixirPool gas tests fee is off #burn below current price entire position burn but other positions are using the ticks 1`] = `105339`;

exports[`ElixirPool gas tests fee is off #burn below current price partial position burn 1`] = `110139`;

exports[`ElixirPool gas tests fee is off #collect close to worst case 1`] = `50833`;

exports[`ElixirPool gas tests fee is off #increaseObservationCardinalityNext grow by 1 slot 1`] = `53611`;

exports[`ElixirPool gas tests fee is off #increaseObservationCardinalityNext no op 1`] = `27182`;

exports[`ElixirPool gas tests fee is off #mint above current price add to position after some time passes 1`] = `123643`;

exports[`ElixirPool gas tests fee is off #mint above current price add to position existing 1`] = `123643`;

exports[`ElixirPool gas tests fee is off #mint above current price new position mint first in range 1`] = `242335`;

exports[`ElixirPool gas tests fee is off #mint above current price second position in same range 1`] = `140743`;

exports[`ElixirPool gas tests fee is off #mint around current price add to position after some time passes 1`] = `165325`;

exports[`ElixirPool gas tests fee is off #mint around current price add to position existing 1`] = `153116`;

exports[`ElixirPool gas tests fee is off #mint around current price new position mint first in range 1`] = `349405`;

exports[`ElixirPool gas tests fee is off #mint around current price second position in same range 1`] = `170216`;

exports[`ElixirPool gas tests fee is off #mint below current price add to position after some time passes 1`] = `124259`;

exports[`ElixirPool gas tests fee is off #mint below current price add to position existing 1`] = `124259`;

exports[`ElixirPool gas tests fee is off #mint below current price new position mint first in range 1`] = `329927`;

exports[`ElixirPool gas tests fee is off #mint below current price second position in same range 1`] = `141359`;

exports[`ElixirPool gas tests fee is off #poke best case 1`] = `54638`;

exports[`ElixirPool gas tests fee is off #snapshotCumulativesInside tick above 1`] = `37421`;

exports[`ElixirPool gas tests fee is off #snapshotCumulativesInside tick below 1`] = `37379`;

exports[`ElixirPool gas tests fee is off #snapshotCumulativesInside tick inside 1`] = `49638`;

exports[`ElixirPool gas tests fee is off #swapExact0For1 first swap in block moves tick, no initialized crossings 1`] = `129717`;

exports[`ElixirPool gas tests fee is off #swapExact0For1 first swap in block with no tick movement 1`] = `106821`;

exports[`ElixirPool gas tests fee is off #swapExact0For1 first swap in block, large swap crossing a single initialized tick 1`] = `157993`;

exports[`ElixirPool gas tests fee is off #swapExact0For1 first swap in block, large swap crossing several initialized ticks 1`] = `218407`;

exports[`ElixirPool gas tests fee is off #swapExact0For1 first swap in block, large swap, no initialized crossings 1`] = `144365`;

exports[`ElixirPool gas tests fee is off #swapExact0For1 large swap crossing several initialized ticks after some time passes 1`] = `218407`;

exports[`ElixirPool gas tests fee is off #swapExact0For1 large swap crossing several initialized ticks second time after some time passes 1`] = `237607`;

exports[`ElixirPool gas tests fee is off #swapExact0For1 second swap in block moves tick, no initialized crossings 1`] = `129717`;

exports[`ElixirPool gas tests fee is off #swapExact0For1 second swap in block with no tick movement 1`] = `106932`;

exports[`ElixirPool gas tests fee is off #swapExact0For1 second swap in block, large swap crossing a single initialized tick 1`] = `141528`;

exports[`ElixirPool gas tests fee is off #swapExact0For1 second swap in block, large swap crossing several initialized ticks 1`] = `201919`;

exports[`ElixirPool gas tests fee is on #burn above current price burn entire position after some time passes 1`] = `106938`;

exports[`ElixirPool gas tests fee is on #burn above current price burn when only position using ticks 1`] = `106938`;

exports[`ElixirPool gas tests fee is on #burn above current price entire position burn but other positions are using the ticks 1`] = `104698`;

exports[`ElixirPool gas tests fee is on #burn above current price partial position burn 1`] = `109498`;

exports[`ElixirPool gas tests fee is on #burn around current price burn entire position after some time passes 1`] = `126618`;

exports[`ElixirPool gas tests fee is on #burn around current price burn when only position using ticks 1`] = `119092`;

exports[`ElixirPool gas tests fee is on #burn around current price entire position burn but other positions are using the ticks 1`] = `109491`;

exports[`ElixirPool gas tests fee is on #burn around current price partial position burn 1`] = `114291`;

exports[`ElixirPool gas tests fee is on #burn below current price burn entire position after some time passes 1`] = `116411`;

exports[`ElixirPool gas tests fee is on #burn below current price burn when only position using ticks 1`] = `116411`;

exports[`ElixirPool gas tests fee is on #burn below current price entire position burn but other positions are using the ticks 1`] = `105339`;

exports[`ElixirPool gas tests fee is on #burn below current price partial position burn 1`] = `110139`;

exports[`ElixirPool gas tests fee is on #collect close to worst case 1`] = `50833`;

exports[`ElixirPool gas tests fee is on #increaseObservationCardinalityNext grow by 1 slot 1`] = `53611`;

exports[`ElixirPool gas tests fee is on #increaseObservationCardinalityNext no op 1`] = `27182`;

exports[`ElixirPool gas tests fee is on #mint above current price add to position after some time passes 1`] = `123631`;

exports[`ElixirPool gas tests fee is on #mint above current price add to position existing 1`] = `123631`;

exports[`ElixirPool gas tests fee is on #mint above current price new position mint first in range 1`] = `242323`;

exports[`ElixirPool gas tests fee is on #mint above current price second position in same range 1`] = `140731`;

exports[`ElixirPool gas tests fee is on #mint around current price add to position after some time passes 1`] = `165313`;

exports[`ElixirPool gas tests fee is on #mint around current price add to position existing 1`] = `153104`;

exports[`ElixirPool gas tests fee is on #mint around current price new position mint first in range 1`] = `349393`;

exports[`ElixirPool gas tests fee is on #mint around current price second position in same range 1`] = `170204`;

exports[`ElixirPool gas tests fee is on #mint below current price add to position after some time passes 1`] = `124247`;

exports[`ElixirPool gas tests fee is on #mint below current price add to position existing 1`] = `124247`;

exports[`ElixirPool gas tests fee is on #mint below current price new position mint first in range 1`] = `329915`;

exports[`ElixirPool gas tests fee is on #mint below current price second position in same range 1`] = `141347`;

exports[`ElixirPool gas tests fee is on #poke best case 1`] = `54638`;

exports[`ElixirPool gas tests fee is on #snapshotCumulativesInside tick above 1`] = `37421`;

exports[`ElixirPool gas tests fee is on #snapshotCumulativesInside tick below 1`] = `37379`;

exports[`ElixirPool gas tests fee is on #snapshotCumulativesInside tick inside 1`] = `49638`;

exports[`ElixirPool gas tests fee is on #swapExact0For1 first swap in block moves tick, no initialized crossings 1`] = `135092`;

exports[`ElixirPool gas tests fee is on #swapExact0For1 first swap in block with no tick movement 1`] = `112049`;

exports[`ElixirPool gas tests fee is on #swapExact0For1 first swap in block, large swap crossing a single initialized tick 1`] = `163515`;

exports[`ElixirPool gas tests fee is on #swapExact0For1 first swap in block, large swap crossing several initialized ticks 1`] = `224370`;

exports[`ElixirPool gas tests fee is on #swapExact0For1 first swap in block, large swap, no initialized crossings 1`] = `150034`;

exports[`ElixirPool gas tests fee is on #swapExact0For1 large swap crossing several initialized ticks after some time passes 1`] = `224370`;

exports[`ElixirPool gas tests fee is on #swapExact0For1 large swap crossing several initialized ticks second time after some time passes 1`] = `243570`;

exports[`ElixirPool gas tests fee is on #swapExact0For1 second swap in block moves tick, no initialized crossings 1`] = `135092`;

exports[`ElixirPool gas tests fee is on #swapExact0For1 second swap in block with no tick movement 1`] = `112160`;

exports[`ElixirPool gas tests fee is on #swapExact0For1 second swap in block, large swap crossing a single initialized tick 1`] = `146903`;

exports[`ElixirPool gas tests fee is on #swapExact0For1 second swap in block, large swap crossing several initialized ticks 1`] = `207735`;
