// Jest Snapshot v1, https://goo.gl/fbAQLP

exports[`ElixirFactory #createPool gas 1`] = `205955`;

exports[`ElixirFactory factory bytecode size 1`] = `1766`;

exports[`ElixirFactory pool bytecode size 1`] = `0`;
