// Jest Snapshot v1, https://goo.gl/fbAQLP

exports[`ElixirMigrator #migrate gas 1`] = `756087`;
