// Jest Snapshot v1, https://goo.gl/fbAQLP

exports[`SwapRouter gas tests #exactInput 0 -> 1 -> 2 1`] = `178679`;

exports[`SwapRouter gas tests #exactInput 0 -> 1 1`] = `108598`;

exports[`SwapRouter gas tests #exactInput 0 -> 1 minimal 1`] = `101235`;

exports[`SwapRouter gas tests #exactInput 0 -> WETH9 1`] = `128664`;

exports[`SwapRouter gas tests #exactInput 2 trades (via router) 1`] = `194996`;

exports[`SwapRouter gas tests #exactInput 3 trades (directly to sender) 1`] = `265064`;

exports[`SwapRouter gas tests #exactInput WETH9 -> 0 1`] = `111838`;

exports[`SwapRouter gas tests #exactInputSingle 0 -> 1 1`] = `108052`;

exports[`SwapRouter gas tests #exactInputSingle 0 -> WETH9 1`] = `128112`;

exports[`SwapRouter gas tests #exactInputSingle WETH9 -> 0 1`] = `111292`;

exports[`SwapRouter gas tests #exactOutput 0 -> 1 -> 2 1`] = `175541`;

exports[`SwapRouter gas tests #exactOutput 0 -> 1 1`] = `112581`;

exports[`SwapRouter gas tests #exactOutput 0 -> WETH9 1`] = `129883`;

exports[`SwapRouter gas tests #exactOutput WETH9 -> 0 1`] = `125476`;

exports[`SwapRouter gas tests #exactOutputSingle 0 -> 1 1`] = `112773`;

exports[`SwapRouter gas tests #exactOutputSingle 0 -> WETH9 1`] = `130075`;

exports[`SwapRouter gas tests #exactOutputSingle WETH9 -> 0 1`] = `120133`;

exports[`SwapRouter gas tests 3 trades (directly to sender) 1`] = `185557`;
