// Jest Snapshot v1, https://goo.gl/fbAQLP

exports[`TickLens #getPopulatedTicksInWord fully populated ticks 1`] = `3452555`;

exports[`TickLens #getPopulatedTicksInWord gas for single populated tick 1`] = `63111`;
